number-digit/letter number2345
digit/letter 3456
1
