SmallScanner begins
number then letters 123
number then letters 123
number then abcd 34560
number then letters 4
number then letters 123
number then letters 123
number then abcd 34560
number then letters 4
number then letters 123
number then letters 123
number then abcd 34560
number then letters 4
number then letters 123
number then letters 123
number then abcd 34560
number then letters 4
number then letters 123
number then letters 123
number then abcd 34560
number then letters 4
number then letters 123
number then letters 123
number then abcd 34560
number then letters 4
number then letters 11111111112222222222333333333344444444445555555555666666666677777777778888888888999999999900000000001111111111222222222233333333334444444444555555555566666666667777777777888888888899999999990000000000
End of file
1
SmallScanner ends
